// Jest Snapshot v1, https://goo.gl/fbAQLP

exports[`CategoryItem CategoryItem Snapshot 1`] = `ShallowWrapper {}`;
