// Jest Snapshot v1, https://goo.gl/fbAQLP

exports[`SliderSmall SearchMobile Snapshot 1`] = `ShallowWrapper {}`;
