// Jest Snapshot v1, https://goo.gl/fbAQLP

exports[`VisitUsContainer VisitUsContainer Snapshot 1`] = `ShallowWrapper {}`;
