// Jest Snapshot v1, https://goo.gl/fbAQLP

exports[`CategoryPage CategoryPage Snapshot 1`] = `ShallowWrapper {}`;
