// Jest Snapshot v1, https://goo.gl/fbAQLP

exports[`SearchMobile SearchMobile Snapshot 1`] = `ShallowWrapper {}`;
