// Jest Snapshot v1, https://goo.gl/fbAQLP

exports[`ShopCartDropdown ShopCartDropdown Snapshot 1`] = `ShallowWrapper {}`;
