// Jest Snapshot v1, https://goo.gl/fbAQLP

exports[`Shop Shop Snapshot 1`] = `ShallowWrapper {}`;
