// Jest Snapshot v1, https://goo.gl/fbAQLP

exports[`Home Home Snapshot 1`] = `ShallowWrapper {}`;
