// Jest Snapshot v1, https://goo.gl/fbAQLP

exports[`CustomButton CustomButton Snapshot 1`] = `ShallowWrapper {}`;
