// Jest Snapshot v1, https://goo.gl/fbAQLP

exports[`CheckoutItem CheckoutItem Snapshot 1`] = `ShallowWrapper {}`;
