// Jest Snapshot v1, https://goo.gl/fbAQLP

exports[`Article Article Snapshot 1`] = `ShallowWrapper {}`;
