// Jest Snapshot v1, https://goo.gl/fbAQLP

exports[`CartItem SearchMobile Snapshot 1`] = `ShallowWrapper {}`;
