// Jest Snapshot v1, https://goo.gl/fbAQLP

exports[`HeaderCategory HeaderCategory Snapshot 1`] = `ShallowWrapper {}`;
