// Jest Snapshot v1, https://goo.gl/fbAQLP

exports[`Portal Portal Snapshot 1`] = `ShallowWrapper {}`;
