// Jest Snapshot v1, https://goo.gl/fbAQLP

exports[`SliderMain SliderMain Snapshot 1`] = `ShallowWrapper {}`;
