// Jest Snapshot v1, https://goo.gl/fbAQLP

exports[`GoogleMaps GoogleMaps Snapshot 1`] = `ShallowWrapper {}`;
