// Jest Snapshot v1, https://goo.gl/fbAQLP

exports[`Articles Articles Snapshot 1`] = `ShallowWrapper {}`;
