// Jest Snapshot v1, https://goo.gl/fbAQLP

exports[`CustomLinkLikeButton CustomLinkLikeButton Snapshot 1`] = `ShallowWrapper {}`;
