// Jest Snapshot v1, https://goo.gl/fbAQLP

exports[`Auth Auth Snapshot 1`] = `ShallowWrapper {}`;
