// Jest Snapshot v1, https://goo.gl/fbAQLP

exports[`CustomLabel CustomLabel Snapshot 1`] = `ShallowWrapper {}`;
