// Jest Snapshot v1, https://goo.gl/fbAQLP

exports[`Alert Alert Snapshot 1`] = `ShallowWrapper {}`;
