// Jest Snapshot v1, https://goo.gl/fbAQLP

exports[`SliderSmallCard SliderSmallCard Snapshot 1`] = `ShallowWrapper {}`;
