// Jest Snapshot v1, https://goo.gl/fbAQLP

exports[`HeaderNavContainer HeaderNavContainer Snapshot 1`] = `ShallowWrapper {}`;
