// Jest Snapshot v1, https://goo.gl/fbAQLP

exports[`LocationMarkerLink LocationMarkerLink Snapshot 1`] = `ShallowWrapper {}`;
