// Jest Snapshot v1, https://goo.gl/fbAQLP

exports[`Header Header Snapshot 1`] = `ShallowWrapper {}`;
