// Jest Snapshot v1, https://goo.gl/fbAQLP

exports[`OnScrollHeader OnScrollHeader Snapshot 1`] = `ShallowWrapper {}`;
