// Jest Snapshot v1, https://goo.gl/fbAQLP

exports[`ShopCart ShopCart Snapshot 1`] = `ShallowWrapper {}`;
