// Jest Snapshot v1, https://goo.gl/fbAQLP

exports[`Map Auth Snapshot 1`] = `ShallowWrapper {}`;
