// Jest Snapshot v1, https://goo.gl/fbAQLP

exports[`CollectionPreviewItem CollectionPreviewItem Snapshot 1`] = `ShallowWrapper {}`;
