// Jest Snapshot v1, https://goo.gl/fbAQLP

exports[`Categories Categories Snapshot 1`] = `ShallowWrapper {}`;
