// Jest Snapshot v1, https://goo.gl/fbAQLP

exports[`CustomAlert CustomAlert Snapshot 1`] = `ShallowWrapper {}`;
