// Jest Snapshot v1, https://goo.gl/fbAQLP

exports[`Payment Payment Snapshot 1`] = `ShallowWrapper {}`;
