// Jest Snapshot v1, https://goo.gl/fbAQLP

exports[`ArticleListItemComponent ArticleListItemComponent Snapshot 1`] = `ShallowWrapper {}`;
