// Jest Snapshot v1, https://goo.gl/fbAQLP

exports[`StripeButton StripeButton Snapshot 1`] = `ShallowWrapper {}`;
