// Jest Snapshot v1, https://goo.gl/fbAQLP

exports[`CollectionOverviewItem CollectionOverviewItem Snapshot 1`] = `ShallowWrapper {}`;
