// Jest Snapshot v1, https://goo.gl/fbAQLP

exports[`LoginHeaderLink LoginHeaderLink Snapshot 1`] = `ShallowWrapper {}`;
