// Jest Snapshot v1, https://goo.gl/fbAQLP

exports[`SocialLinksComponent SocialLinksComponent Snapshot 1`] = `ShallowWrapper {}`;
