// Jest Snapshot v1, https://goo.gl/fbAQLP

exports[`HeaderArticles HeaderArticles Snapshot 1`] = `ShallowWrapper {}`;
