// Jest Snapshot v1, https://goo.gl/fbAQLP

exports[`Checkout Checkout Snapshot 1`] = `ShallowWrapper {}`;
