// Jest Snapshot v1, https://goo.gl/fbAQLP

exports[`LinkCardHover LinkCardHover Snapshot 1`] = `ShallowWrapper {}`;
