// Jest Snapshot v1, https://goo.gl/fbAQLP

exports[`HeaderSearchDropdown HeaderSearchDropdown Snapshot 1`] = `ShallowWrapper {}`;
