// Jest Snapshot v1, https://goo.gl/fbAQLP

exports[`ArticlesList ArticlesList Snapshot 1`] = `ShallowWrapper {}`;
