// Jest Snapshot v1, https://goo.gl/fbAQLP

exports[`CardContainer CardContainer Snapshot 1`] = `ShallowWrapper {}`;
