// Jest Snapshot v1, https://goo.gl/fbAQLP

exports[`About About Snapshot 1`] = `ShallowWrapper {}`;
