// Jest Snapshot v1, https://goo.gl/fbAQLP

exports[`RegistrationForm RegistrationForm Snapshot 1`] = `ShallowWrapper {}`;
