// Jest Snapshot v1, https://goo.gl/fbAQLP

exports[`Search Search Snapshot 1`] = `ShallowWrapper {}`;
