// Jest Snapshot v1, https://goo.gl/fbAQLP

exports[`CustomForm CustomForm Snapshot 1`] = `ShallowWrapper {}`;
