// Jest Snapshot v1, https://goo.gl/fbAQLP

exports[`BurgerMenuComponent Burger Menu Snapshot 1`] = `ShallowWrapper {}`;
