// Jest Snapshot v1, https://goo.gl/fbAQLP

exports[`SuspenseComponent SuspenseComponent Snapshot 1`] = `ShallowWrapper {}`;
